// Jest Snapshot v1, https://goo.gl/fbAQLP

exports[`FormRegister Snapshot Comprobar la UI del componente FormRegister 1`] = `
<form
  className="user"
  onSubmit={[Function]}
>
  <div
    className="form-group row"
  >
    <div
      className="col-sm-6 mb-3 mb-sm-0"
    >
      <input
        className="form-control form-control-user"
        id="firstName"
        name="name"
        onChange={[Function]}
        placeholder="First Name"
        required={true}
        type="text"
      />
    </div>
    <div
      className="col-sm-6"
    >
      <input
        className="form-control form-control-user"
        id="lastName"
        name="lastName"
        onChange={[Function]}
        placeholder="Last Name"
        required={true}
        type="text"
      />
    </div>
  </div>
  <div
    className="form-group"
  >
    <input
      className="form-control form-control-user"
      id="email"
      name="email"
      onChange={[Function]}
      placeholder="Email Address"
      required={true}
      type="email"
    />
  </div>
  <div
    className="form-group row"
  >
    <div
      className="col-sm-6 mb-3 mb-sm-0"
    >
      <input
        className="form-control form-control-user"
        id="password"
        name="password"
        onChange={[Function]}
        placeholder="Password"
        required={true}
        type="password"
      />
    </div>
    <div
      className="col-sm-6"
    >
      <input
        className="form-control form-control-user"
        id="confirmPassword"
        name="confirmPassword"
        onChange={[Function]}
        placeholder="Repeat Password"
        required={true}
        type="password"
      />
    </div>
  </div>
  <button
    className="btn btn-primary btn-user btn-block"
    type="submit"
  >
    Register Account
  </button>
</form>
`;
